Sun, 04 Feb 2018 03:02:16 GMT: ER_NON_UNIQ_ERROR: Column 'class_id' in where clause is ambiguous
Sun, 04 Feb 2018 03:02:26 GMT: ER_NON_UNIQ_ERROR: Column 'class_id' in where clause is ambiguous
Sun, 04 Feb 2018 03:12:23 GMT: undefined
Sun, 04 Feb 2018 05:48:57 GMT: ER_DUP_ENTRY: Duplicate entry '2' for key 'user_id'
Sun, 04 Feb 2018 05:49:26 GMT: ER_DUP_ENTRY: Duplicate entry '1' for key 'user_id'
Sun, 04 Feb 2018 05:49:38 GMT: ER_DUP_ENTRY: Duplicate entry '2' for key 'user_id'
Sun, 04 Feb 2018 05:49:39 GMT: ER_DUP_ENTRY: Duplicate entry '1' for key 'user_id'
Sun, 04 Feb 2018 05:49:41 GMT: ER_DUP_ENTRY: Duplicate entry '1' for key 'user_id'
Sun, 04 Feb 2018 05:50:07 GMT: ER_DUP_ENTRY: Duplicate entry '1' for key 'user_id'
Sun, 04 Feb 2018 05:58:53 GMT: ER_DUP_ENTRY: Duplicate entry '1' for key 'user_id'
Sun, 04 Feb 2018 06:46:31 GMT: ER_DUP_ENTRY: Duplicate entry '1' for key 'user_id'
Sun, 04 Feb 2018 07:03:58 GMT: ER_DUP_ENTRY: Duplicate entry '1' for key 'user_id'
Sun, 04 Feb 2018 07:06:56 GMT: ER_DUP_ENTRY: Duplicate entry '1' for key 'user_id'
Sun, 04 Feb 2018 07:15:26 GMT: ER_DUP_ENTRY: Duplicate entry '1' for key 'user_id'
Sun, 04 Feb 2018 07:15:40 GMT: ER_DUP_ENTRY: Duplicate entry '1' for key 'user_id'
Sun, 04 Feb 2018 07:30:08 GMT: ER_DUP_ENTRY: Duplicate entry '1' for key 'user_id'
Sun, 04 Feb 2018 07:30:29 GMT: ER_DUP_ENTRY: Duplicate entry '1' for key 'user_id'
Sun, 04 Feb 2018 07:45:21 GMT: ER_DUP_ENTRY: Duplicate entry '1' for key 'user_id'
Sun, 04 Feb 2018 07:50:44 GMT: ER_DUP_ENTRY: Duplicate entry '1' for key 'user_id'
Sun, 04 Feb 2018 08:05:39 GMT: ER_DUP_ENTRY: Duplicate entry '1' for key 'user_id'
Sun, 04 Feb 2018 08:06:38 GMT: ER_DUP_ENTRY: Duplicate entry '1' for key 'user_id'
Sun, 04 Feb 2018 08:09:51 GMT: ER_DUP_ENTRY: Duplicate entry '1' for key 'user_id'
